Archive member included to satisfy reference by file (symbol)

C:/Software/arm-gnu-toolchain/bin/../lib/gcc/arm-none-eabi/13.3.1/thumb/v7-m/nofp\libg.a(libc_a-exit.o)
                              C:/Software/arm-gnu-toolchain/bin/../lib/gcc/arm-none-eabi/13.3.1/thumb/v7-m/nofp/crt0.o (exit)
C:/Software/arm-gnu-toolchain/bin/../lib/gcc/arm-none-eabi/13.3.1/thumb/v7-m/nofp\libg.a(libc_a-findfp.o)
                              C:/Software/arm-gnu-toolchain/bin/../lib/gcc/arm-none-eabi/13.3.1/thumb/v7-m/nofp\libg.a(libc_a-exit.o) (__stdio_exit_handler)
C:/Software/arm-gnu-toolchain/bin/../lib/gcc/arm-none-eabi/13.3.1/thumb/v7-m/nofp\libg.a(libc_a-fwalk.o)
                              C:/Software/arm-gnu-toolchain/bin/../lib/gcc/arm-none-eabi/13.3.1/thumb/v7-m/nofp\libg.a(libc_a-findfp.o) (_fwalk_sglue)
C:/Software/arm-gnu-toolchain/bin/../lib/gcc/arm-none-eabi/13.3.1/thumb/v7-m/nofp\libg.a(libc_a-stdio.o)
                              C:/Software/arm-gnu-toolchain/bin/../lib/gcc/arm-none-eabi/13.3.1/thumb/v7-m/nofp\libg.a(libc_a-findfp.o) (__sread)
C:/Software/arm-gnu-toolchain/bin/../lib/gcc/arm-none-eabi/13.3.1/thumb/v7-m/nofp\libg.a(libc_a-memset.o)
                              C:/Software/arm-gnu-toolchain/bin/../lib/gcc/arm-none-eabi/13.3.1/thumb/v7-m/nofp/crt0.o (memset)
C:/Software/arm-gnu-toolchain/bin/../lib/gcc/arm-none-eabi/13.3.1/thumb/v7-m/nofp\libg.a(libc_a-closer.o)
                              C:/Software/arm-gnu-toolchain/bin/../lib/gcc/arm-none-eabi/13.3.1/thumb/v7-m/nofp\libg.a(libc_a-stdio.o) (_close_r)
C:/Software/arm-gnu-toolchain/bin/../lib/gcc/arm-none-eabi/13.3.1/thumb/v7-m/nofp\libg.a(libc_a-reent.o)
                              C:/Software/arm-gnu-toolchain/bin/../lib/gcc/arm-none-eabi/13.3.1/thumb/v7-m/nofp\libg.a(libc_a-closer.o) (errno)
C:/Software/arm-gnu-toolchain/bin/../lib/gcc/arm-none-eabi/13.3.1/thumb/v7-m/nofp\libg.a(libc_a-impure.o)
                              C:/Software/arm-gnu-toolchain/bin/../lib/gcc/arm-none-eabi/13.3.1/thumb/v7-m/nofp\libg.a(libc_a-reent.o) (_impure_ptr)
C:/Software/arm-gnu-toolchain/bin/../lib/gcc/arm-none-eabi/13.3.1/thumb/v7-m/nofp\libg.a(libc_a-lseekr.o)
                              C:/Software/arm-gnu-toolchain/bin/../lib/gcc/arm-none-eabi/13.3.1/thumb/v7-m/nofp\libg.a(libc_a-stdio.o) (_lseek_r)
C:/Software/arm-gnu-toolchain/bin/../lib/gcc/arm-none-eabi/13.3.1/thumb/v7-m/nofp\libg.a(libc_a-readr.o)
                              C:/Software/arm-gnu-toolchain/bin/../lib/gcc/arm-none-eabi/13.3.1/thumb/v7-m/nofp\libg.a(libc_a-stdio.o) (_read_r)
C:/Software/arm-gnu-toolchain/bin/../lib/gcc/arm-none-eabi/13.3.1/thumb/v7-m/nofp\libg.a(libc_a-writer.o)
                              C:/Software/arm-gnu-toolchain/bin/../lib/gcc/arm-none-eabi/13.3.1/thumb/v7-m/nofp\libg.a(libc_a-stdio.o) (_write_r)
C:/Software/arm-gnu-toolchain/bin/../lib/gcc/arm-none-eabi/13.3.1/thumb/v7-m/nofp\libg.a(libc_a-errno.o)
                              CMakeFiles/Driver_Library.elf.dir/Core/Src/syscalls.c.obj (__errno)
C:/Software/arm-gnu-toolchain/bin/../lib/gcc/arm-none-eabi/13.3.1/thumb/v7-m/nofp\libg.a(libc_a-init.o)
                              C:/Software/arm-gnu-toolchain/bin/../lib/gcc/arm-none-eabi/13.3.1/thumb/v7-m/nofp/crt0.o (__libc_init_array)
C:/Software/arm-gnu-toolchain/bin/../lib/gcc/arm-none-eabi/13.3.1/thumb/v7-m/nofp\libg.a(libc_a-lock.o)
                              C:/Software/arm-gnu-toolchain/bin/../lib/gcc/arm-none-eabi/13.3.1/thumb/v7-m/nofp\libg.a(libc_a-findfp.o) (__retarget_lock_init_recursive)
C:/Software/arm-gnu-toolchain/bin/../lib/gcc/arm-none-eabi/13.3.1/thumb/v7-m/nofp\libg.a(libc_a-__call_atexit.o)
                              C:/Software/arm-gnu-toolchain/bin/../lib/gcc/arm-none-eabi/13.3.1/thumb/v7-m/nofp\libg.a(libc_a-exit.o) (__call_exitprocs)
C:/Software/arm-gnu-toolchain/bin/../lib/gcc/arm-none-eabi/13.3.1/thumb/v7-m/nofp\libg.a(libc_a-atexit.o)
                              C:/Software/arm-gnu-toolchain/bin/../lib/gcc/arm-none-eabi/13.3.1/thumb/v7-m/nofp\libg.a(libc_a-__call_atexit.o) (atexit)
C:/Software/arm-gnu-toolchain/bin/../lib/gcc/arm-none-eabi/13.3.1/thumb/v7-m/nofp\libg.a(libc_a-freer.o)
                              C:/Software/arm-gnu-toolchain/bin/../lib/gcc/arm-none-eabi/13.3.1/thumb/v7-m/nofp\libg.a(libc_a-reent.o) (_free_r)
C:/Software/arm-gnu-toolchain/bin/../lib/gcc/arm-none-eabi/13.3.1/thumb/v7-m/nofp\libg.a(libc_a-mallocr.o)
                              C:/Software/arm-gnu-toolchain/bin/../lib/gcc/arm-none-eabi/13.3.1/thumb/v7-m/nofp\libg.a(libc_a-findfp.o) (_malloc_r)
C:/Software/arm-gnu-toolchain/bin/../lib/gcc/arm-none-eabi/13.3.1/thumb/v7-m/nofp\libg.a(libc_a-mlock.o)
                              C:/Software/arm-gnu-toolchain/bin/../lib/gcc/arm-none-eabi/13.3.1/thumb/v7-m/nofp\libg.a(libc_a-freer.o) (__malloc_lock)
C:/Software/arm-gnu-toolchain/bin/../lib/gcc/arm-none-eabi/13.3.1/thumb/v7-m/nofp\libg.a(libc_a-fclose.o)
[...]
Memory Configuration

Name             Origin             Length             Attributes
RAM              0x20000000         0x00005000         xrw
FLASH            0x08000000         0x00010000         xr
*default*        0x00000000         0xffffffff

Linker script and memory map

LOAD C:/Software/arm-gnu-toolchain/bin/../lib/gcc/arm-none-eabi/13.3.1/thumb/v7-m/nofp/crti.o
LOAD C:/Software/arm-gnu-toolchain/bin/../lib/gcc/arm-none-eabi/13.3.1/thumb/v7-m/nofp/crtbegin.o
LOAD C:/Software/arm-gnu-toolchain/bin/../lib/gcc/arm-none-eabi/13.3.1/thumb/v7-m/nofp/crt0.o
LOAD CMakeFiles/Driver_Library.elf.dir/App/driver_oled.c.obj
LOAD CMakeFiles/Driver_Library.elf.dir/Core/Src/gpio.c.obj
LOAD CMakeFiles/Driver_Library.elf.dir/Core/Src/i2c.c.obj
LOAD CMakeFiles/Driver_Library.elf.dir/Core/Src/main.c.obj
LOAD CMakeFiles/Driver_Library.elf.dir/Core/Src/stm32f1xx_hal_msp.c.obj
LOAD CMakeFiles/Driver_Library.elf.dir/Core/Src/stm32f1xx_it.c.obj
LOAD CMakeFiles/Driver_Library.elf.dir/Core/Src/syscalls.c.obj
LOAD CMakeFiles/Driver_Library.elf.dir/Core/Src/sysmem.c.obj
LOAD CMakeFiles/Driver_Library.elf.dir/Core/Src/system_stm32f1xx.c.obj
LOAD CMakeFiles/Driver_Library.elf.dir/Core/Startup/startup_stm32f103c8tx.s.obj
LOAD CMakeFiles/Driver_Library.elf.dir/Drivers/STM32F1xx_HAL_Driver/Src/stm32f1xx_hal.c.obj
LOAD CMakeFiles/Driver_Library.elf.dir/Drivers/STM32F1xx_HAL_Driver/Src/stm32f1xx_hal_cortex.c.obj
LOAD CMakeFiles/Driver_Library.elf.dir/Drivers/STM32F1xx_HAL_Driver/Src/stm32f1xx_hal_dma.c.obj
LOAD CMakeFiles/Driver_Library.elf.dir/Drivers/STM32F1xx_HAL_Driver/Src/stm32f1xx_hal_exti.c.obj
LOAD CMakeFiles/Driver_Library.elf.dir/Drivers/STM32F1xx_HAL_Driver/Src/stm32f1xx_hal_flash.c.obj
LOAD CMakeFiles/Driver_Library.elf.dir/Drivers/STM32F1xx_HAL_Driver/Src/stm32f1xx_hal_flash_ex.c.obj
LOAD CMakeFiles/Driver_Library.elf.dir/Drivers/STM32F1xx_HAL_Driver/Src/stm32f1xx_hal_gpio.c.obj
LOAD CMakeFiles/Driver_Library.elf.dir/Drivers/STM32F1xx_HAL_Driver/Src/stm32f1xx_hal_gpio_ex.c.obj
LOAD CMakeFiles/Driver_Library.elf.dir/Drivers/STM32F1xx_HAL_Driver/Src/stm32f1xx_hal_i2c.c.obj
LOAD CMakeFiles/Driver_Library.elf.dir/Drivers/STM32F1xx_HAL_Driver/Src/stm32f1xx_hal_pwr.c.obj
LOAD CMakeFiles/Driver_Library.elf.dir/Drivers/STM32F1xx_HAL_Driver/Src/stm32f1xx_hal_rcc.c.obj
LOAD CMakeFiles/Driver_Library.elf.dir/Drivers/STM32F1xx_HAL_Driver/Src/stm32f1xx_hal_rcc_ex.c.obj
LOAD CMakeFiles/Driver_Library.elf.dir/Drivers/STM32F1xx_HAL_Driver/Src/stm32f1xx_hal_tim.c.obj
LOAD CMakeFiles/Driver_Library.elf.dir/Drivers/STM32F1xx_HAL_Driver/Src/stm32f1xx_hal_tim_ex.c.obj
START GROUP
LOAD C:/Software/arm-gnu-toolchain/bin/../lib/gcc/arm-none-eabi/13.3.1/thumb/v7-m/nofp\libgcc.a
LOAD C:/Software/arm-gnu-toolchain/bin/../lib/gcc/arm-none-eabi/13.3.1/thumb/v7-m/nofp\libg.a
LOAD C:/Software/arm-gnu-toolchain/bin/../lib/gcc/arm-none-eabi/13.3.1/thumb/v7-m/nofp\libc.a
END GROUP
LOAD C:/Software/arm-gnu-toolchain/bin/../lib/gcc/arm-none-eabi/13.3.1/thumb/v7-m/nofp/crtend.o
LOAD C:/Software/arm-gnu-toolchain/bin/../lib/gcc/arm-none-eabi/13.3.1/thumb/v7-m/nofp/crtn.o
                0x20005000                        _estack = (ORIGIN (RAM) + LENGTH (RAM))
                0x00000200                        _Min_Heap_Size = 0x200
                0x00000400                        _Min_Stack_Size = 0x400

.isr_vector     0x08000000      0x10c
                0x08000000                        . = ALIGN (0x4)
 *(.isr_vector)
 .isr_vector    0x08000000      0x10c CMakeFiles/Driver_Library.elf.dir/Core/Startup/startup_stm32f103c8tx.s.obj
                0x08000000                g_pfnVectors
                0x0800010c                        . = ALIGN (0x4)

.text           0x0800010c     0x1998
                0x0800010c                        . = ALIGN (0x4)
 *(.text)
 *(.text*)
 .text.deregister_tm_clones
                0x0800010c       0x1c C:/Software/arm-gnu-toolchain/bin/../lib/gcc/arm-none-eabi/13.3.1/thumb/v7-m/nofp/crtbegin.o
 .text.register_tm_clones
                0x08000128       0x24 C:/Software/arm-gnu-toolchain/bin/../lib/gcc/arm-none-eabi/13.3.1/thumb/v7-m/nofp/crtbegin.o
 .text.__do_global_dtors_aux
                0x0800014c       0x28 C:/Software/arm-gnu-toolchain/bin/../lib/gcc/arm-none-eabi/13.3.1/thumb/v7-m/nofp/crtbegin.o
 .text.frame_dummy
                0x08000174       0x24 C:/Software/arm-gnu-toolchain/bin/../lib/gcc/arm-none-eabi/13.3.1/thumb/v7-m/nofp/crtbegin.o
 .text.OLED_WriteCmd
                0x08000198       0x2c CMakeFiles/Driver_Library.elf.dir/App/driver_oled.c.obj
 .text.OLED_SetMemAddrMode
                0x080001c4       0x20 CMakeFiles/Driver_Library.elf.dir/App/driver_oled.c.obj
 .text.OLED_SetMuxRatio
                0x080001e4       0x1e CMakeFiles/Driver_Library.elf.dir/App/driver_oled.c.obj
 .text.OLED_SetDispOffset
                0x08000202       0x18 CMakeFiles/Driver_Library.elf.dir/App/driver_oled.c.obj
 .text.OLED_SetDispStartLine
                0x0800021a       0x12 CMakeFiles/Driver_Library.elf.dir/App/driver_oled.c.obj
 .text.OLED_SetContrastValue
                0x0800022c       0x12 CMakeFiles/Driver_Library.elf.dir/App/driver_oled.c.obj
 .text.OLED_SetDCLK_Freq
                0x0800023e       0x26 CMakeFiles/Driver_Library.elf.dir/App/driver_oled.c.obj
 .text.OLED_SetChargePump
                0x08000264       0x20 CMakeFiles/Driver_Library.elf.dir/App/driver_oled.c.obj
 .text.OLED_SetComConfig
                0x08000284       0x30 CMakeFiles/Driver_Library.elf.dir/App/driver_oled.c.obj
 .text.OLED_SetPageAddr_PAGE
                0x080002b4       0x20 CMakeFiles/Driver_Library.elf.dir/App/driver_oled.c.obj
 .text.OLED_SetColAddr_PAGE
                0x080002d4       0x2c CMakeFiles/Driver_Library.elf.dir/App/driver_oled.c.obj
 .text.OLED_WriteNBytes
                0x08000300       0x24 CMakeFiles/Driver_Library.elf.dir/App/driver_oled.c.obj
 .text.OLED_Init
                0x08000324       0x5e CMakeFiles/Driver_Library.elf.dir/App/driver_oled.c.obj
                0x08000324                OLED_Init
 .text.OLED_SetPosition
                0x08000382       0x10 CMakeFiles/Driver_Library.elf.dir/App/driver_oled.c.obj
                0x08000382                OLED_SetPosition
 .text.OLED_Clear
                0x08000392       0x2e CMakeFiles/Driver_Library.elf.dir/App/driver_oled.c.obj
                0x08000392                OLED_Clear
 .text.OLED_PutChar
                0x080003c0       0x4c CMakeFiles/Driver_Library.elf.dir/App/driver_oled.c.obj
                0x080003c0                OLED_PutChar
 .text.OLED_PrintString
                0x0800040c       0x2e CMakeFiles/Driver_Library.elf.dir/App/driver_oled.c.obj
                0x0800040c                OLED_PrintString
 *fill*         0x0800043a        0x2 
 .text.OLED_Test
                0x0800043c       0x3c CMakeFiles/Driver_Library.elf.dir/App/driver_oled.c.obj
                0x0800043c                OLED_Test
 .text.MX_GPIO_Init
                0x08000478       0x44 CMakeFiles/Driver_Library.elf.dir/Core/Src/gpio.c.obj
                0x08000478                MX_GPIO_Init
 .text.MX_I2C1_Init
                0x080004bc       0x3c CMakeFiles/Driver_Library.elf.dir/Core/Src/i2c.c.obj
                0x080004bc                MX_I2C1_Init
 .text.HAL_I2C_MspInit
                0x080004f8       0x64 CMakeFiles/Driver_Library.elf.dir/Core/Src/i2c.c.obj
                0x080004f8                HAL_I2C_MspInit
 .text.Error_Handler
                0x0800055c        0x4 CMakeFiles/Driver_Library.elf.dir/Core/Src/main.c.obj
                0x0800055c                Error_Handler
 .text.SystemClock_Config
                0x08000560       0x64 CMakeFiles/Driver_Library.elf.dir/Core/Src/main.c.obj
                0x08000560                SystemClock_Config
 .text.main     0x080005c4       0x18 CMakeFiles/Driver_Library.elf.dir/Core/Src/main.c.obj
                0x080005c4                main
 .text.HAL_MspInit
                0x080005dc       0x44 CMakeFiles/Driver_Library.elf.dir/Core/Src/stm32f1xx_hal_msp.c.obj
                0x080005dc                HAL_MspInit
 .text.NMI_Handler
                0x08000620        0x2 CMakeFiles/Driver_Library.elf.dir/Core/Src/stm32f1xx_it.c.obj
                0x08000620                NMI_Handler
 .text.HardFault_Handler
                0x08000622        0x2 CMakeFiles/Driver_Library.elf.dir/Core/Src/stm32f1xx_it.c.obj
                0x08000622                HardFault_Handler
 .text.MemManage_Handler
                0x08000624        0x2 CMakeFiles/Driver_Library.elf.dir/Core/Src/stm32f1xx_it.c.obj
                0x08000624                MemManage_Handler
 .text.BusFault_Handler
                0x08000626        0x2 CMakeFiles/Driver_Library.elf.dir/Core/Src/stm32f1xx_it.c.obj
                0x08000626                BusFault_Handler
 .text.UsageFault_Handler
                0x08000628        0x2 CMakeFiles/Driver_Library.elf.dir/Core/Src/stm32f1xx_it.c.obj
                0x08000628                UsageFault_Handler
 .text.SVC_Handler
                0x0800062a        0x2 CMakeFiles/Driver_Library.elf.dir/Core/Src/stm32f1xx_it.c.obj
                0x0800062a                SVC_Handler
 .text.DebugMon_Handler
                0x0800062c        0x2 CMakeFiles/Driver_Library.elf.dir/Core/Src/stm32f1xx_it.c.obj
                0x0800062c                DebugMon_Handler
 .text.PendSV_Handler
                0x0800062e        0x2 CMakeFiles/Driver_Library.elf.dir/Core/Src/stm32f1xx_it.c.obj
                0x0800062e                PendSV_Handler
 .text.SysTick_Handler
                0x08000630        0x8 CMakeFiles/Driver_Library.elf.dir/Core/Src/stm32f1xx_it.c.obj
                0x08000630                SysTick_Handler
 .text.SystemInit
                0x08000638        0x2 CMakeFiles/Driver_Library.elf.dir/Core/Src/system_stm32f1xx.c.obj
                0x08000638                SystemInit
 *fill*         0x0800063a        0x2 
 .text.Reset_Handler
                0x0800063c       0x48 CMakeFiles/Driver_Library.elf.dir/Core/Startup/startup_stm32f103c8tx.s.obj
                0x0800063c                Reset_Handler
 .text.Default_Handler
                0x08000684        0x2 CMakeFiles/Driver_Library.elf.dir/Core/Startup/startup_stm32f103c8tx.s.obj
                0x08000684                RTC_Alarm_IRQHandler
                0x08000684                EXTI2_IRQHandler
                0x08000684                TIM1_CC_IRQHandler
                0x08000684                PVD_IRQHandler
                0x08000684                EXTI3_IRQHandler
                0x08000684                EXTI0_IRQHandler
                0x08000684                I2C2_EV_IRQHandler
                0x08000684                ADC1_2_IRQHandler
                0x08000684                SPI1_IRQHandler
                0x08000684                TAMPER_IRQHandler
                0x08000684                DMA1_Channel4_IRQHandler
                0x08000684                USART3_IRQHandler
                0x08000684                RTC_IRQHandler
                0x08000684                DMA1_Channel7_IRQHandler
                0x08000684                CAN1_RX1_IRQHandler
                0x08000684                TIM4_IRQHandler
                0x08000684                I2C1_EV_IRQHandler
                0x08000684                DMA1_Channel6_IRQHandler
                0x08000684                TIM3_IRQHandler
                0x08000684                RCC_IRQHandler
                0x08000684                TIM1_TRG_COM_IRQHandler
                0x08000684                DMA1_Channel1_IRQHandler
                0x08000684                Default_Handler
                0x08000684                EXTI15_10_IRQHandler
                0x08000684                EXTI9_5_IRQHandler
                0x08000684                SPI2_IRQHandler
                0x08000684                DMA1_Channel5_IRQHandler
                0x08000684                EXTI4_IRQHandler
                0x08000684                USB_LP_CAN1_RX0_IRQHandler
                0x08000684                USB_HP_CAN1_TX_IRQHandler
                0x08000684                DMA1_Channel3_IRQHandler
                0x08000684                TIM1_UP_IRQHandler
                0x08000684                WWDG_IRQHandler
                0x08000684                TIM2_IRQHandler
                0x08000684                TIM1_BRK_IRQHandler
                0x08000684                EXTI1_IRQHandler
                0x08000684                USART2_IRQHandler
                0x08000684                I2C2_ER_IRQHandler
                0x08000684                DMA1_Channel2_IRQHandler
                0x08000684                CAN1_SCE_IRQHandler
                0x08000684                FLASH_IRQHandler
                0x08000684                USART1_IRQHandler
                0x08000684                I2C1_ER_IRQHandler
                0x08000684                USBWakeUp_IRQHandler
 *fill*         0x08000686        0x2 
 .text.HAL_InitTick
                0x08000688       0x4c CMakeFiles/Driver_Library.elf.dir/Drivers/STM32F1xx_HAL_Driver/Src/stm32f1xx_hal.c.obj
                0x08000688                HAL_InitTick
 .text.HAL_Init
                0x080006d4       0x24 CMakeFiles/Driver_Library.elf.dir/Drivers/STM32F1xx_HAL_Driver/Src/stm32f1xx_hal.c.obj
                0x080006d4                HAL_Init
 .text.HAL_IncTick
                0x080006f8       0x18 CMakeFiles/Driver_Library.elf.dir/Drivers/STM32F1xx_HAL_Driver/Src/stm32f1xx_hal.c.obj
                0x080006f8                HAL_IncTick
 .text.HAL_GetTick
                0x08000710        0xc CMakeFiles/Driver_Library.elf.dir/Drivers/STM32F1xx_HAL_Driver/Src/stm32f1xx_hal.c.obj
                0x08000710                HAL_GetTick
 .text.__NVIC_SetPriority
                0x0800071c       0x28 CMakeFiles/Driver_Library.elf.dir/Drivers/STM32F1xx_HAL_Driver/Src/stm32f1xx_hal_cortex.c.obj
 .text.NVIC_EncodePriority
                0x08000744       0x3e CMakeFiles/Driver_Library.elf.dir/Drivers/STM32F1xx_HAL_Driver/Src/stm32f1xx_hal_cortex.c.obj
 *fill*         0x08000782        0x2 
 .text.HAL_NVIC_SetPriorityGrouping
                0x08000784       0x24 CMakeFiles/Driver_Library.elf.dir/Drivers/STM32F1xx_HAL_Driver/Src/stm32f1xx_hal_cortex.c.obj
                0x08000784                HAL_NVIC_SetPriorityGrouping
 .text.HAL_NVIC_SetPriority
                0x080007a8       0x20 CMakeFiles/Driver_Library.elf.dir/Drivers/STM32F1xx_HAL_Driver/Src/stm32f1xx_hal_cortex.c.obj
                0x080007a8                HAL_NVIC_SetPriority
 .text.HAL_SYSTICK_Config
                0x080007c8       0x28 CMakeFiles/Driver_Library.elf.dir/Drivers/STM32F1xx_HAL_Driver/Src/stm32f1xx_hal_cortex.c.obj
                0x080007c8                HAL_SYSTICK_Config
 .text.HAL_GPIO_Init
                0x080007f0      0x21c CMakeFiles/Driver_Library.elf.dir/Drivers/STM32F1xx_HAL_Driver/Src/stm32f1xx_hal_gpio.c.obj
                0x080007f0                HAL_GPIO_Init
 .text.I2C_IsAcknowledgeFailed
                0x08000a0c       0x32 CMakeFiles/Driver_Library.elf.dir/Drivers/STM32F1xx_HAL_Driver/Src/stm32f1xx_hal_i2c.c.obj
 .text.I2C_WaitOnFlagUntilTimeout
                0x08000a3e       0xaa CMakeFiles/Driver_Library.elf.dir/Drivers/STM32F1xx_HAL_Driver/Src/stm32f1xx_hal_i2c.c.obj
 .text.I2C_WaitOnMasterAddressFlagUntilTimeout
                0x08000ae8       0xd6 CMakeFiles/Driver_Library.elf.dir/Drivers/STM32F1xx_HAL_Driver/Src/stm32f1xx_hal_i2c.c.obj
 *fill*         0x08000bbe        0x2 
 .text.I2C_MasterRequestWrite
                0x08000bc0       0xb4 CMakeFiles/Driver_Library.elf.dir/Drivers/STM32F1xx_HAL_Driver/Src/stm32f1xx_hal_i2c.c.obj
 .text.I2C_WaitOnTXEFlagUntilTimeout
                0x08000c74       0x5e CMakeFiles/Driver_Library.elf.dir/Drivers/STM32F1xx_HAL_Driver/Src/stm32f1xx_hal_i2c.c.obj
 *fill*         0x08000cd2        0x2 
 .text.I2C_RequestMemoryWrite
                0x08000cd4       0xd8 CMakeFiles/Driver_Library.elf.dir/Drivers/STM32F1xx_HAL_Driver/Src/stm32f1xx_hal_i2c.c.obj
 .text.I2C_WaitOnBTFFlagUntilTimeout
                0x08000dac       0x5e CMakeFiles/Driver_Library.elf.dir/Drivers/STM32F1xx_HAL_Driver/Src/stm32f1xx_hal_i2c.c.obj
 *fill*         0x08000e0a        0x2 
 .text.HAL_I2C_Init
                0x08000e0c      0x1bc CMakeFiles/Driver_Library.elf.dir/Drivers/STM32F1xx_HAL_Driver/Src/stm32f1xx_hal_i2c.c.obj
                0x08000e0c                HAL_I2C_Init
 .text.HAL_I2C_Master_Transmit
                0x08000fc8      0x178 CMakeFiles/Driver_Library.elf.dir/Drivers/STM32F1xx_HAL_Driver/Src/stm32f1xx_hal_i2c.c.obj
                0x08000fc8                HAL_I2C_Master_Transmit
 .text.HAL_I2C_Mem_Write
                0x08001140      0x164 CMakeFiles/Driver_Library.elf.dir/Drivers/STM32F1xx_HAL_Driver/Src/stm32f1xx_hal_i2c.c.obj
                0x08001140                HAL_I2C_Mem_Write
 .text.RCC_Delay
                0x080012a4       0x2c CMakeFiles/Driver_Library.elf.dir/Drivers/STM32F1xx_HAL_Driver/Src/stm32f1xx_hal_rcc.c.obj
 .text.HAL_RCC_OscConfig
                0x080012d0      0x410 CMakeFiles/Driver_Library.elf.dir/Drivers/STM32F1xx_HAL_Driver/Src/stm32f1xx_hal_rcc.c.obj
                0x080012d0                HAL_RCC_OscConfig
 .text.HAL_RCC_GetSysClockFreq
                0x080016e0       0x54 CMakeFiles/Driver_Library.elf.dir/Drivers/STM32F1xx_HAL_Driver/Src/stm32f1xx_hal_rcc.c.obj
                0x080016e0                HAL_RCC_GetSysClockFreq
 .text.HAL_RCC_ClockConfig
                0x08001734      0x16c CMakeFiles/Driver_Library.elf.dir/Drivers/STM32F1xx_HAL_Driver/Src/stm32f1xx_hal_rcc.c.obj
                0x08001734                HAL_RCC_ClockConfig
 .text.HAL_RCC_GetHCLKFreq
                0x080018a0        0xc CMakeFiles/Driver_Library.elf.dir/Drivers/STM32F1xx_HAL_Driver/Src/stm32f1xx_hal_rcc.c.obj
                0x080018a0                HAL_RCC_GetHCLKFreq
 .text.HAL_RCC_GetPCLK1Freq
                0x080018ac       0x20 CMakeFiles/Driver_Library.elf.dir/Drivers/STM32F1xx_HAL_Driver/Src/stm32f1xx_hal_rcc.c.obj
                0x080018ac                HAL_RCC_GetPCLK1Freq
 .text.memset   0x080018cc       0xa0 C:/Software/arm-gnu-toolchain/bin/../lib/gcc/arm-none-eabi/13.3.1/thumb/v7-m/nofp\libg.a(libc_a-memset.o)
                0x080018cc                memset
 .text.__libc_init_array
                0x0800196c       0x50 C:/Software/arm-gnu-toolchain/bin/../lib/gcc/arm-none-eabi/13.3.1/thumb/v7-m/nofp\libg.a(libc_a-init.o)
                0x0800196c                __libc_init_array
 .text.__retarget_lock_acquire_recursive
                0x080019bc        0x4 C:/Software/arm-gnu-toolchain/bin/../lib/gcc/arm-none-eabi/13.3.1/thumb/v7-m/nofp\libg.a(libc_a-lock.o)
                0x080019bc                __retarget_lock_acquire_recursive
 .text.__retarget_lock_release_recursive
                0x080019c0        0x4 C:/Software/arm-gnu-toolchain/bin/../lib/gcc/arm-none-eabi/13.3.1/thumb/v7-m/nofp\libg.a(libc_a-lock.o)
                0x080019c0                __retarget_lock_release_recursive
 .text.startup.register_fini
                0x080019c4       0x14 C:/Software/arm-gnu-toolchain/bin/../lib/gcc/arm-none-eabi/13.3.1/thumb/v7-m/nofp\libg.a(libc_a-__call_atexit.o)
 .text.atexit   0x080019d8        0xc C:/Software/arm-gnu-toolchain/bin/../lib/gcc/arm-none-eabi/13.3.1/thumb/v7-m/nofp\libg.a(libc_a-atexit.o)
                0x080019d8                atexit
 .text.__libc_fini_array
                0x080019e4       0x28 C:/Software/arm-gnu-toolchain/bin/../lib/gcc/arm-none-eabi/13.3.1/thumb/v7-m/nofp\libg.a(libc_a-fini.o)
                0x080019e4                __libc_fini_array
 .text.__register_exitproc
                0x08001a0c       0x80 C:/Software/arm-gnu-toolchain/bin/../lib/gcc/arm-none-eabi/13.3.1/thumb/v7-m/nofp\libg.a(libc_a-__atexit.o)
                0x08001a0c                __register_exitproc
 *(.glue_7)
 .glue_7        0x08001a8c        0x0 linker stubs
 *(.glue_7t)
 .glue_7t       0x08001a8c        0x0 linker stubs
 *(.eh_frame)
 .eh_frame      0x08001a8c        0x0 C:/Software/arm-gnu-toolchain/bin/../lib/gcc/arm-none-eabi/13.3.1/thumb/v7-m/nofp/crtbegin.o
 *(.init)
 .init          0x08001a8c        0x4 C:/Software/arm-gnu-toolchain/bin/../lib/gcc/arm-none-eabi/13.3.1/thumb/v7-m/nofp/crti.o
                0x08001a8c                _init
 .init          0x08001a90        0x8 C:/Software/arm-gnu-toolchain/bin/../lib/gcc/arm-none-eabi/13.3.1/thumb/v7-m/nofp/crtn.o
 *(.fini)
 .fini          0x08001a98        0x4 C:/Software/arm-gnu-toolchain/bin/../lib/gcc/arm-none-eabi/13.3.1/thumb/v7-m/nofp/crti.o
                0x08001a98                _fini
 .fini          0x08001a9c        0x8 C:/Software/arm-gnu-toolchain/bin/../lib/gcc/arm-none-eabi/13.3.1/thumb/v7-m/nofp/crtn.o
                0x08001aa4                        . = ALIGN (0x4)
                0x08001aa4                        _etext = .

.vfp11_veneer   0x08001aa4        0x0
 .vfp11_veneer  0x08001aa4        0x0 linker stubs

.v4_bx          0x08001aa4        0x0
 .v4_bx         0x08001aa4        0x0 linker stubs

.iplt           0x08001aa4        0x0
 .iplt          0x08001aa4        0x0 C:/Software/arm-gnu-toolchain/bin/../lib/gcc/arm-none-eabi/13.3.1/thumb/v7-m/nofp/crtbegin.o

.rodata         0x08001aa4      0x848
                0x08001aa4                        . = ALIGN (0x4)
 *(.rodata)
 *(.rodata*)
 .rodata.OLED_Test.str1.4
                0x08001aa4       0x19 CMakeFiles/Driver_Library.elf.dir/App/driver_oled.c.obj
 *fill*         0x08001abd        0x3 
 .rodata.ascii_font
                0x08001ac0      0x800 CMakeFiles/Driver_Library.elf.dir/App/driver_oled.c.obj
                0x08001ac0                ascii_font
 .rodata.APBPrescTable
                0x080022c0        0x8 CMakeFiles/Driver_Library.elf.dir/Core/Src/system_stm32f1xx.c.obj
                0x080022c0                APBPrescTable
 .rodata.AHBPrescTable
                0x080022c8       0x10 CMakeFiles/Driver_Library.elf.dir/Core/Src/system_stm32f1xx.c.obj
                0x080022c8                AHBPrescTable
 .rodata.aPredivFactorTable.0
                0x080022d8        0x2 CMakeFiles/Driver_Library.elf.dir/Drivers/STM32F1xx_HAL_Driver/Src/stm32f1xx_hal_rcc.c.obj
 *fill*         0x080022da        0x2 
 .rodata.aPLLMULFactorTable.1
                0x080022dc       0x10 CMakeFiles/Driver_Library.elf.dir/Drivers/STM32F1xx_HAL_Driver/Src/stm32f1xx_hal_rcc.c.obj
                0x080022ec                        . = ALIGN (0x4)

.ARM.extab      0x080022ec        0x0
                0x080022ec                        . = ALIGN (0x4)
 *(.ARM.extab* .gnu.linkonce.armextab.*)
                0x080022ec                        . = ALIGN (0x4)

.ARM            0x080022ec        0x0
                0x080022ec                        . = ALIGN (0x4)
                0x080022ec                        __exidx_start = .
 *(.ARM.exidx*)
                0x080022ec                        __exidx_end = .
                0x080022ec                        . = ALIGN (0x4)

.preinit_array  0x080022ec        0x0
                0x080022ec                        . = ALIGN (0x4)
                0x080022ec                        PROVIDE (__preinit_array_start = .)
 *(.preinit_array*)
                0x080022ec                        PROVIDE (__preinit_array_end = .)
                0x080022ec                        . = ALIGN (0x4)

.init_array     0x080022ec        0x8
                0x080022ec                        . = ALIGN (0x4)
                0x080022ec                        PROVIDE (__init_array_start = .)
 *(SORT_BY_NAME(.init_array.*))
 .init_array.00000
                0x080022ec        0x4 C:/Software/arm-gnu-toolchain/bin/../lib/gcc/arm-none-eabi/13.3.1/thumb/v7-m/nofp\libg.a(libc_a-__call_atexit.o)
 *(.init_array*)
 .init_array    0x080022f0        0x4 C:/Software/arm-gnu-toolchain/bin/../lib/gcc/arm-none-eabi/13.3.1/thumb/v7-m/nofp/crtbegin.o
                0x080022f4                        PROVIDE (__init_array_end = .)
                0x080022f4                        . = ALIGN (0x4)

.fini_array     0x080022f4        0x4
                0x080022f4                        . = ALIGN (0x4)
                0x080022f4                        PROVIDE (__fini_array_start = .)
 *(SORT_BY_NAME(.fini_array.*))
 *(.fini_array*)
 .fini_array    0x080022f4        0x4 C:/Software/arm-gnu-toolchain/bin/../lib/gcc/arm-none-eabi/13.3.1/thumb/v7-m/nofp/crtbegin.o
                0x080022f8                        PROVIDE (__fini_array_end = .)
                0x080022f8                        . = ALIGN (0x4)
                0x080022f8                        _sidata = LOADADDR (.data)

.rel.dyn        0x080022f8        0x0
 .rel.iplt      0x080022f8        0x0 C:/Software/arm-gnu-toolchain/bin/../lib/gcc/arm-none-eabi/13.3.1/thumb/v7-m/nofp/crtbegin.o

.data           0x20000000       0x14 load address 0x080022f8
                0x20000000                        . = ALIGN (0x4)
                0x20000000                        _sdata = .
 *(.data)
 *(.data*)
 .data.mem_mode
                0x20000000        0x1 CMakeFiles/Driver_Library.elf.dir/App/driver_oled.c.obj
 *fill*         0x20000001        0x3 
 .data.SystemCoreClock
                0x20000004        0x4 CMakeFiles/Driver_Library.elf.dir/Core/Src/system_stm32f1xx.c.obj
                0x20000004                SystemCoreClock
 .data.uwTickFreq
                0x20000008        0x1 CMakeFiles/Driver_Library.elf.dir/Drivers/STM32F1xx_HAL_Driver/Src/stm32f1xx_hal.c.obj
                0x20000008                uwTickFreq
 *fill*         0x20000009        0x3 
 .data.uwTickPrio
                0x2000000c        0x4 CMakeFiles/Driver_Library.elf.dir/Drivers/STM32F1xx_HAL_Driver/Src/stm32f1xx_hal.c.obj
                0x2000000c                uwTickPrio
 .data.__atexit_recursive_mutex
                0x20000010        0x4 C:/Software/arm-gnu-toolchain/bin/../lib/gcc/arm-none-eabi/13.3.1/thumb/v7-m/nofp\libg.a(libc_a-__call_atexit.o)
                0x20000010                __atexit_recursive_mutex
 *(.RamFunc)
 *(.RamFunc*)
                0x20000014                        . = ALIGN (0x4)
                0x20000014                        _edata = .

.tm_clone_table
                0x20000014        0x0 load address 0x0800230c
 .tm_clone_table
                0x20000014        0x0 C:/Software/arm-gnu-toolchain/bin/../lib/gcc/arm-none-eabi/13.3.1/thumb/v7-m/nofp/crtbegin.o
 .tm_clone_table
                0x20000014        0x0 C:/Software/arm-gnu-toolchain/bin/../lib/gcc/arm-none-eabi/13.3.1/thumb/v7-m/nofp/crtend.o

.igot.plt       0x20000014        0x0 load address 0x0800230c
 .igot.plt      0x20000014        0x0 C:/Software/arm-gnu-toolchain/bin/../lib/gcc/arm-none-eabi/13.3.1/thumb/v7-m/nofp/crtbegin.o
                0x20000014                        . = ALIGN (0x4)

.bss            0x20000014      0x20c load address 0x0800230c
                0x20000014                        _sbss = .
                0x20000014                        __bss_start__ = _sbss
 *(.bss)
 *(.bss*)
 .bss.completed.1
                0x20000014        0x1 C:/Software/arm-gnu-toolchain/bin/../lib/gcc/arm-none-eabi/13.3.1/thumb/v7-m/nofp/crtbegin.o
 *fill*         0x20000015        0x3 
 .bss.object.0  0x20000018       0x18 C:/Software/arm-gnu-toolchain/bin/../lib/gcc/arm-none-eabi/13.3.1/thumb/v7-m/nofp/crtbegin.o
 .bss.hi2c1     0x20000030       0x54 CMakeFiles/Driver_Library.elf.dir/Core/Src/i2c.c.obj
                0x20000030                hi2c1
 .bss.uwTick    0x20000084        0x4 CMakeFiles/Driver_Library.elf.dir/Drivers/STM32F1xx_HAL_Driver/Src/stm32f1xx_hal.c.obj
                0x20000084                uwTick
 .bss.__lock___atexit_recursive_mutex
                0x20000088        0x1 C:/Software/arm-gnu-toolchain/bin/../lib/gcc/arm-none-eabi/13.3.1/thumb/v7-m/nofp\libg.a(libc_a-lock.o)
                0x20000088                __lock___atexit_recursive_mutex
 *fill*         0x20000089        0x3 
 .bss.__atexit  0x2000008c        0x4 C:/Software/arm-gnu-toolchain/bin/../lib/gcc/arm-none-eabi/13.3.1/thumb/v7-m/nofp\libg.a(libc_a-__call_atexit.o)
                0x2000008c                __atexit
 .bss.__atexit0
                0x20000090      0x190 C:/Software/arm-gnu-toolchain/bin/../lib/gcc/arm-none-eabi/13.3.1/thumb/v7-m/nofp\libg.a(libc_a-__atexit.o)
                0x20000090                __atexit0
 *(COMMON)
                0x20000220                        . = ALIGN (0x4)
                0x20000220                        _ebss = .
                0x20000220                        __bss_end__ = _ebss

._user_heap_stack
                0x20000220      0x600 load address 0x0800230c
                0x20000220                        . = ALIGN (0x8)
                [!provide]                        PROVIDE (end = .)
                0x20000220                        PROVIDE (_end = .)
                0x20000420                        . = (. + _Min_Heap_Size)
 *fill*         0x20000220      0x200 
                0x20000820                        . = (. + _Min_Stack_Size)
 *fill*         0x20000420      0x400 
                0x20000820                        . = ALIGN (0x8)

/DISCARD/
 libc.a(*)
 libm.a(*)
 libgcc.a(*)

.ARM.attributes
                0x00000000       0x29
 *(.ARM.attributes)
 .ARM.attributes
                0x00000000       0x1d C:/Software/arm-gnu-toolchain/bin/../lib/gcc/arm-none-eabi/13.3.1/thumb/v7-m/nofp/crti.o
 .ARM.attributes
                0x0000001d       0x2d C:/Software/arm-gnu-toolchain/bin/../lib/gcc/arm-none-eabi/13.3.1/thumb/v7-m/nofp/crtbegin.o
 .ARM.attributes
                0x0000004a       0x2d CMakeFiles/Driver_Library.elf.dir/App/driver_oled.c.obj
 .ARM.attributes
                0x00000077       0x2d CMakeFiles/Driver_Library.elf.dir/Core/Src/gpio.c.obj
 .ARM.attributes
                0x000000a4       0x2d CMakeFiles/Driver_Library.elf.dir/Core/Src/i2c.c.obj
 .ARM.attributes
                0x000000d1       0x2d CMakeFiles/Driver_Library.elf.dir/Core/Src/main.c.obj
 .ARM.attributes
                0x000000fe       0x2d CMakeFiles/Driver_Library.elf.dir/Core/Src/stm32f1xx_hal_msp.c.obj
 .ARM.attributes
                0x0000012b       0x2d CMakeFiles/Driver_Library.elf.dir/Core/Src/stm32f1xx_it.c.obj
 .ARM.attributes
                0x00000158       0x2d CMakeFiles/Driver_Library.elf.dir/Core/Src/system_stm32f1xx.c.obj
 .ARM.attributes
                0x00000185       0x21 CMakeFiles/Driver_Library.elf.dir/Core/Startup/startup_stm32f103c8tx.s.obj
 .ARM.attributes
                0x000001a6       0x2d CMakeFiles/Driver_Library.elf.dir/Drivers/STM32F1xx_HAL_Driver/Src/stm32f1xx_hal.c.obj
 .ARM.attributes
                0x000001d3       0x2d CMakeFiles/Driver_Library.elf.dir/Drivers/STM32F1xx_HAL_Driver/Src/stm32f1xx_hal_cortex.c.obj
 .ARM.attributes
                0x00000200       0x2d CMakeFiles/Driver_Library.elf.dir/Drivers/STM32F1xx_HAL_Driver/Src/stm32f1xx_hal_gpio.c.obj
 .ARM.attributes
                0x0000022d       0x2d CMakeFiles/Driver_Library.elf.dir/Drivers/STM32F1xx_HAL_Driver/Src/stm32f1xx_hal_i2c.c.obj
 .ARM.attributes
                0x0000025a       0x2d CMakeFiles/Driver_Library.elf.dir/Drivers/STM32F1xx_HAL_Driver/Src/stm32f1xx_hal_rcc.c.obj
 .ARM.attributes
                0x00000287       0x2d C:/Software/arm-gnu-toolchain/bin/../lib/gcc/arm-none-eabi/13.3.1/thumb/v7-m/nofp\libg.a(libc_a-memset.o)
 .ARM.attributes
                0x000002b4       0x2d C:/Software/arm-gnu-toolchain/bin/../lib/gcc/arm-none-eabi/13.3.1/thumb/v7-m/nofp\libg.a(libc_a-init.o)
 .ARM.attributes
                0x000002e1       0x2d C:/Software/arm-gnu-toolchain/bin/../lib/gcc/arm-none-eabi/13.3.1/thumb/v7-m/nofp\libg.a(libc_a-lock.o)
 .ARM.attributes
                0x0000030e       0x2d C:/Software/arm-gnu-toolchain/bin/../lib/gcc/arm-none-eabi/13.3.1/thumb/v7-m/nofp\libg.a(libc_a-__call_atexit.o)
 .ARM.attributes
                0x0000033b       0x2d C:/Software/arm-gnu-toolchain/bin/../lib/gcc/arm-none-eabi/13.3.1/thumb/v7-m/nofp\libg.a(libc_a-atexit.o)
 .ARM.attributes
                0x00000368       0x2d C:/Software/arm-gnu-toolchain/bin/../lib/gcc/arm-none-eabi/13.3.1/thumb/v7-m/nofp\libg.a(libc_a-fini.o)
 .ARM.attributes
                0x00000395       0x2d C:/Software/arm-gnu-toolchain/bin/../lib/gcc/arm-none-eabi/13.3.1/thumb/v7-m/nofp\libg.a(libc_a-__atexit.o)
 .ARM.attributes
                0x000003c2       0x2d C:/Software/arm-gnu-toolchain/bin/../lib/gcc/arm-none-eabi/13.3.1/thumb/v7-m/nofp/crtend.o
 .ARM.attributes
                0x000003ef       0x1d C:/Software/arm-gnu-toolchain/bin/../lib/gcc/arm-none-eabi/13.3.1/thumb/v7-m/nofp/crtn.o
OUTPUT(Driver_Library.elf elf32-littlearm)
LOAD linker stubs
LOAD C:/Software/arm-gnu-toolchain/bin/../lib/gcc/arm-none-eabi/13.3.1/thumb/v7-m/nofp\libc.a
LOAD C:/Software/arm-gnu-toolchain/bin/../lib/gcc/arm-none-eabi/13.3.1/thumb/v7-m/nofp\libm.a
LOAD C:/Software/arm-gnu-toolchain/bin/../lib/gcc/arm-none-eabi/13.3.1/thumb/v7-m/nofp\libgcc.a

.debug_info     0x00000000     0x8145
 .debug_info    0x00000000     0x1185 CMakeFiles/Driver_Library.elf.dir/App/driver_oled.c.obj
 .debug_info    0x00001185      0x180 CMakeFiles/Driver_Library.elf.dir/Core/Src/gpio.c.obj
 .debug_info    0x00001305      0x857 CMakeFiles/Driver_Library.elf.dir/Core/Src/i2c.c.obj
 .debug_info    0x00001b5c      0x330 CMakeFiles/Driver_Library.elf.dir/Core/Src/main.c.obj
 .debug_info    0x00001e8c      0x1f4 CMakeFiles/Driver_Library.elf.dir/Core/Src/stm32f1xx_hal_msp.c.obj
 .debug_info    0x00002080      0x11d CMakeFiles/Driver_Library.elf.dir/Core/Src/stm32f1xx_it.c.obj
 .debug_info    0x0000219d      0x22d CMakeFiles/Driver_Library.elf.dir/Core/Src/system_stm32f1xx.c.obj
 .debug_info    0x000023ca       0x30 CMakeFiles/Driver_Library.elf.dir/Core/Startup/startup_stm32f103c8tx.s.obj
 .debug_info    0x000023fa      0x7a2 CMakeFiles/Driver_Library.elf.dir/Drivers/STM32F1xx_HAL_Driver/Src/stm32f1xx_hal.c.obj
 .debug_info    0x00002b9c      0xcd9 CMakeFiles/Driver_Library.elf.dir/Drivers/STM32F1xx_HAL_Driver/Src/stm32f1xx_hal_cortex.c.obj
 .debug_info    0x00003875      0x604 CMakeFiles/Driver_Library.elf.dir/Drivers/STM32F1xx_HAL_Driver/Src/stm32f1xx_hal_gpio.c.obj
 .debug_info    0x00003e79     0x3905 CMakeFiles/Driver_Library.elf.dir/Drivers/STM32F1xx_HAL_Driver/Src/stm32f1xx_hal_i2c.c.obj
 .debug_info    0x0000777e      0x9c7 CMakeFiles/Driver_Library.elf.dir/Drivers/STM32F1xx_HAL_Driver/Src/stm32f1xx_hal_rcc.c.obj

.debug_abbrev   0x00000000     0x16e2
 .debug_abbrev  0x00000000      0x2d7 CMakeFiles/Driver_Library.elf.dir/App/driver_oled.c.obj
 .debug_abbrev  0x000002d7       0xc4 CMakeFiles/Driver_Library.elf.dir/Core/Src/gpio.c.obj
 .debug_abbrev  0x0000039b      0x1fc CMakeFiles/Driver_Library.elf.dir/Core/Src/i2c.c.obj
 .debug_abbrev  0x00000597      0x18c CMakeFiles/Driver_Library.elf.dir/Core/Src/main.c.obj
 .debug_abbrev  0x00000723       0xed CMakeFiles/Driver_Library.elf.dir/Core/Src/stm32f1xx_hal_msp.c.obj
 .debug_abbrev  0x00000810       0x7c CMakeFiles/Driver_Library.elf.dir/Core/Src/stm32f1xx_it.c.obj
 .debug_abbrev  0x0000088c      0x143 CMakeFiles/Driver_Library.elf.dir/Core/Src/system_stm32f1xx.c.obj
 .debug_abbrev  0x000009cf       0x24 CMakeFiles/Driver_Library.elf.dir/Core/Startup/startup_stm32f103c8tx.s.obj
 .debug_abbrev  0x000009f3      0x22d CMakeFiles/Driver_Library.elf.dir/Drivers/STM32F1xx_HAL_Driver/Src/stm32f1xx_hal.c.obj
 .debug_abbrev  0x00000c20      0x36d CMakeFiles/Driver_Library.elf.dir/Drivers/STM32F1xx_HAL_Driver/Src/stm32f1xx_hal_cortex.c.obj
 .debug_abbrev  0x00000f8d      0x1f7 CMakeFiles/Driver_Library.elf.dir/Drivers/STM32F1xx_HAL_Driver/Src/stm32f1xx_hal_gpio.c.obj
 .debug_abbrev  0x00001184      0x2be CMakeFiles/Driver_Library.elf.dir/Drivers/STM32F1xx_HAL_Driver/Src/stm32f1xx_hal_i2c.c.obj
 .debug_abbrev  0x00001442      0x2a0 CMakeFiles/Driver_Library.elf.dir/Drivers/STM32F1xx_HAL_Driver/Src/stm32f1xx_hal_rcc.c.obj

.debug_loclists
                0x00000000     0x4606
 .debug_loclists
                0x00000000      0x5b7 CMakeFiles/Driver_Library.elf.dir/App/driver_oled.c.obj
 .debug_loclists
                0x000005b7       0x5d CMakeFiles/Driver_Library.elf.dir/Core/Src/i2c.c.obj
 .debug_loclists
                0x00000614       0x17 CMakeFiles/Driver_Library.elf.dir/Core/Src/stm32f1xx_hal_msp.c.obj
 .debug_loclists
                0x0000062b       0xb7 CMakeFiles/Driver_Library.elf.dir/Core/Src/system_stm32f1xx.c.obj
 .debug_loclists
                0x000006e2       0xe1 CMakeFiles/Driver_Library.elf.dir/Drivers/STM32F1xx_HAL_Driver/Src/stm32f1xx_hal.c.obj
 .debug_loclists
                0x000007c3      0x530 CMakeFiles/Driver_Library.elf.dir/Drivers/STM32F1xx_HAL_Driver/Src/stm32f1xx_hal_cortex.c.obj
 .debug_loclists
                0x00000cf3      0x318 CMakeFiles/Driver_Library.elf.dir/Drivers/STM32F1xx_HAL_Driver/Src/stm32f1xx_hal_gpio.c.obj
 .debug_loclists
                0x0000100b     0x31cd CMakeFiles/Driver_Library.elf.dir/Drivers/STM32F1xx_HAL_Driver/Src/stm32f1xx_hal_i2c.c.obj
 .debug_loclists
                0x000041d8      0x42e CMakeFiles/Driver_Library.elf.dir/Drivers/STM32F1xx_HAL_Driver/Src/stm32f1xx_hal_rcc.c.obj

.debug_aranges  0x00000000      0x740
 .debug_aranges
                0x00000000       0xc0 CMakeFiles/Driver_Library.elf.dir/App/driver_oled.c.obj
 .debug_aranges
                0x000000c0       0x20 CMakeFiles/Driver_Library.elf.dir/Core/Src/gpio.c.obj
 .debug_aranges
                0x000000e0       0x30 CMakeFiles/Driver_Library.elf.dir/Core/Src/i2c.c.obj
 .debug_aranges
                0x00000110       0x30 CMakeFiles/Driver_Library.elf.dir/Core/Src/main.c.obj
 .debug_aranges
                0x00000140       0x20 CMakeFiles/Driver_Library.elf.dir/Core/Src/stm32f1xx_hal_msp.c.obj
 .debug_aranges
                0x00000160       0x60 CMakeFiles/Driver_Library.elf.dir/Core/Src/stm32f1xx_it.c.obj
 .debug_aranges
                0x000001c0       0x28 CMakeFiles/Driver_Library.elf.dir/Core/Src/system_stm32f1xx.c.obj
 .debug_aranges
                0x000001e8       0x28 CMakeFiles/Driver_Library.elf.dir/Core/Startup/startup_stm32f103c8tx.s.obj
 .debug_aranges
                0x00000210       0xe0 CMakeFiles/Driver_Library.elf.dir/Drivers/STM32F1xx_HAL_Driver/Src/stm32f1xx_hal.c.obj
 .debug_aranges
                0x000002f0       0xc0 CMakeFiles/Driver_Library.elf.dir/Drivers/STM32F1xx_HAL_Driver/Src/stm32f1xx_hal_cortex.c.obj
 .debug_aranges
                0x000003b0       0x58 CMakeFiles/Driver_Library.elf.dir/Drivers/STM32F1xx_HAL_Driver/Src/stm32f1xx_hal_gpio.c.obj
 .debug_aranges
                0x00000408      0x2a8 CMakeFiles/Driver_Library.elf.dir/Drivers/STM32F1xx_HAL_Driver/Src/stm32f1xx_hal_i2c.c.obj
 .debug_aranges
                0x000006b0       0x90 CMakeFiles/Driver_Library.elf.dir/Drivers/STM32F1xx_HAL_Driver/Src/stm32f1xx_hal_rcc.c.obj

.debug_rnglists
                0x00000000      0x587
 .debug_rnglists
                0x00000000       0x8d CMakeFiles/Driver_Library.elf.dir/App/driver_oled.c.obj
 .debug_rnglists
                0x0000008d       0x13 CMakeFiles/Driver_Library.elf.dir/Core/Src/gpio.c.obj
 .debug_rnglists
                0x000000a0       0x1f CMakeFiles/Driver_Library.elf.dir/Core/Src/i2c.c.obj
 .debug_rnglists
                0x000000bf       0x1f CMakeFiles/Driver_Library.elf.dir/Core/Src/main.c.obj
 .debug_rnglists
                0x000000de       0x13 CMakeFiles/Driver_Library.elf.dir/Core/Src/stm32f1xx_hal_msp.c.obj
 .debug_rnglists
                0x000000f1       0x43 CMakeFiles/Driver_Library.elf.dir/Core/Src/stm32f1xx_it.c.obj
 .debug_rnglists
                0x00000134       0x1a CMakeFiles/Driver_Library.elf.dir/Core/Src/system_stm32f1xx.c.obj
 .debug_rnglists
                0x0000014e       0x19 CMakeFiles/Driver_Library.elf.dir/Core/Startup/startup_stm32f103c8tx.s.obj
 .debug_rnglists
                0x00000167       0xa3 CMakeFiles/Driver_Library.elf.dir/Drivers/STM32F1xx_HAL_Driver/Src/stm32f1xx_hal.c.obj
 .debug_rnglists
                0x0000020a       0x8b CMakeFiles/Driver_Library.elf.dir/Drivers/STM32F1xx_HAL_Driver/Src/stm32f1xx_hal_cortex.c.obj
 .debug_rnglists
                0x00000295       0x3f CMakeFiles/Driver_Library.elf.dir/Drivers/STM32F1xx_HAL_Driver/Src/stm32f1xx_hal_gpio.c.obj
 .debug_rnglists
                0x000002d4      0x236 CMakeFiles/Driver_Library.elf.dir/Drivers/STM32F1xx_HAL_Driver/Src/stm32f1xx_hal_i2c.c.obj
 .debug_rnglists
                0x0000050a       0x7d CMakeFiles/Driver_Library.elf.dir/Drivers/STM32F1xx_HAL_Driver/Src/stm32f1xx_hal_rcc.c.obj

.debug_line     0x00000000     0x8a0c
 .debug_line    0x00000000      0x6ee CMakeFiles/Driver_Library.elf.dir/App/driver_oled.c.obj
 .debug_line    0x000006ee      0x175 CMakeFiles/Driver_Library.elf.dir/Core/Src/gpio.c.obj
 .debug_line    0x00000863      0x333 CMakeFiles/Driver_Library.elf.dir/Core/Src/i2c.c.obj
 .debug_line    0x00000b96      0x34f CMakeFiles/Driver_Library.elf.dir/Core/Src/main.c.obj
 .debug_line    0x00000ee5      0x183 CMakeFiles/Driver_Library.elf.dir/Core/Src/stm32f1xx_hal_msp.c.obj
 .debug_line    0x00001068      0x189 CMakeFiles/Driver_Library.elf.dir/Core/Src/stm32f1xx_it.c.obj
 .debug_line    0x000011f1      0x24b CMakeFiles/Driver_Library.elf.dir/Core/Src/system_stm32f1xx.c.obj
 .debug_line    0x0000143c       0x78 CMakeFiles/Driver_Library.elf.dir/Core/Startup/startup_stm32f103c8tx.s.obj
 .debug_line    0x000014b4      0x580 CMakeFiles/Driver_Library.elf.dir/Drivers/STM32F1xx_HAL_Driver/Src/stm32f1xx_hal.c.obj
 .debug_line    0x00001a34      0x6d3 CMakeFiles/Driver_Library.elf.dir/Drivers/STM32F1xx_HAL_Driver/Src/stm32f1xx_hal_cortex.c.obj
 .debug_line    0x00002107      0x5fc CMakeFiles/Driver_Library.elf.dir/Drivers/STM32F1xx_HAL_Driver/Src/stm32f1xx_hal_gpio.c.obj
 .debug_line    0x00002703     0x5633 CMakeFiles/Driver_Library.elf.dir/Drivers/STM32F1xx_HAL_Driver/Src/stm32f1xx_hal_i2c.c.obj
 .debug_line    0x00007d36      0xcd6 CMakeFiles/Driver_Library.elf.dir/Drivers/STM32F1xx_HAL_Driver/Src/stm32f1xx_hal_rcc.c.obj

.debug_str      0x00000000     0x2446
 .debug_str     0x00000000     0x2446 CMakeFiles/Driver_Library.elf.dir/App/driver_oled.c.obj
                                0x95f (size before relaxing)
 .debug_str     0x00002446      0x21f CMakeFiles/Driver_Library.elf.dir/Core/Src/gpio.c.obj
 .debug_str     0x00002446      0x780 CMakeFiles/Driver_Library.elf.dir/Core/Src/i2c.c.obj
 .debug_str     0x00002446      0x3b3 CMakeFiles/Driver_Library.elf.dir/Core/Src/main.c.obj
 .debug_str     0x00002446      0x259 CMakeFiles/Driver_Library.elf.dir/Core/Src/stm32f1xx_hal_msp.c.obj
 .debug_str     0x00002446      0x25c CMakeFiles/Driver_Library.elf.dir/Core/Src/stm32f1xx_it.c.obj
 .debug_str     0x00002446      0x28e CMakeFiles/Driver_Library.elf.dir/Core/Src/system_stm32f1xx.c.obj
 .debug_str     0x00002446       0x9f CMakeFiles/Driver_Library.elf.dir/Core/Startup/startup_stm32f103c8tx.s.obj
 .debug_str     0x00002446      0x868 CMakeFiles/Driver_Library.elf.dir/Drivers/STM32F1xx_HAL_Driver/Src/stm32f1xx_hal.c.obj
 .debug_str     0x00002446      0x90d CMakeFiles/Driver_Library.elf.dir/Drivers/STM32F1xx_HAL_Driver/Src/stm32f1xx_hal_cortex.c.obj
 .debug_str     0x00002446      0x43a CMakeFiles/Driver_Library.elf.dir/Drivers/STM32F1xx_HAL_Driver/Src/stm32f1xx_hal_gpio.c.obj
 .debug_str     0x00002446      0xfff CMakeFiles/Driver_Library.elf.dir/Drivers/STM32F1xx_HAL_Driver/Src/stm32f1xx_hal_i2c.c.obj
 .debug_str     0x00002446      0x665 CMakeFiles/Driver_Library.elf.dir/Drivers/STM32F1xx_HAL_Driver/Src/stm32f1xx_hal_rcc.c.obj

.comment        0x00000000       0x45
 .comment       0x00000000       0x45 CMakeFiles/Driver_Library.elf.dir/App/driver_oled.c.obj
                                 0x46 (size before relaxing)
 .comment       0x00000045       0x46 CMakeFiles/Driver_Library.elf.dir/Core/Src/gpio.c.obj
 .comment       0x00000045       0x46 CMakeFiles/Driver_Library.elf.dir/Core/Src/i2c.c.obj
 .comment       0x00000045       0x46 CMakeFiles/Driver_Library.elf.dir/Core/Src/main.c.obj
 .comment       0x00000045       0x46 CMakeFiles/Driver_Library.elf.dir/Core/Src/stm32f1xx_hal_msp.c.obj
 .comment       0x00000045       0x46 CMakeFiles/Driver_Library.elf.dir/Core/Src/stm32f1xx_it.c.obj
 .comment       0x00000045       0x46 CMakeFiles/Driver_Library.elf.dir/Core/Src/system_stm32f1xx.c.obj
 .comment       0x00000045       0x46 CMakeFiles/Driver_Library.elf.dir/Drivers/STM32F1xx_HAL_Driver/Src/stm32f1xx_hal.c.obj
 .comment       0x00000045       0x46 CMakeFiles/Driver_Library.elf.dir/Drivers/STM32F1xx_HAL_Driver/Src/stm32f1xx_hal_cortex.c.obj
 .comment       0x00000045       0x46 CMakeFiles/Driver_Library.elf.dir/Drivers/STM32F1xx_HAL_Driver/Src/stm32f1xx_hal_gpio.c.obj
 .comment       0x00000045       0x46 CMakeFiles/Driver_Library.elf.dir/Drivers/STM32F1xx_HAL_Driver/Src/stm32f1xx_hal_i2c.c.obj
 .comment       0x00000045       0x46 CMakeFiles/Driver_Library.elf.dir/Drivers/STM32F1xx_HAL_Driver/Src/stm32f1xx_hal_rcc.c.obj

.debug_frame    0x00000000     0x1584
 .debug_frame   0x00000000      0x264 CMakeFiles/Driver_Library.elf.dir/App/driver_oled.c.obj
 .debug_frame   0x00000264       0x28 CMakeFiles/Driver_Library.elf.dir/Core/Src/gpio.c.obj
 .debug_frame   0x0000028c       0x60 CMakeFiles/Driver_Library.elf.dir/Core/Src/i2c.c.obj
 .debug_frame   0x000002ec       0x58 CMakeFiles/Driver_Library.elf.dir/Core/Src/main.c.obj
 .debug_frame   0x00000344       0x28 CMakeFiles/Driver_Library.elf.dir/Core/Src/stm32f1xx_hal_msp.c.obj
 .debug_frame   0x0000036c       0xa8 CMakeFiles/Driver_Library.elf.dir/Core/Src/stm32f1xx_it.c.obj
 .debug_frame   0x00000414       0x30 CMakeFiles/Driver_Library.elf.dir/Core/Src/system_stm32f1xx.c.obj
 .debug_frame   0x00000444      0x1cc CMakeFiles/Driver_Library.elf.dir/Drivers/STM32F1xx_HAL_Driver/Src/stm32f1xx_hal.c.obj
 .debug_frame   0x00000610      0x19c CMakeFiles/Driver_Library.elf.dir/Drivers/STM32F1xx_HAL_Driver/Src/stm32f1xx_hal_cortex.c.obj
 .debug_frame   0x000007ac       0xe4 CMakeFiles/Driver_Library.elf.dir/Drivers/STM32F1xx_HAL_Driver/Src/stm32f1xx_hal_gpio.c.obj
 .debug_frame   0x00000890      0x984 CMakeFiles/Driver_Library.elf.dir/Drivers/STM32F1xx_HAL_Driver/Src/stm32f1xx_hal_i2c.c.obj
 .debug_frame   0x00001214      0x184 CMakeFiles/Driver_Library.elf.dir/Drivers/STM32F1xx_HAL_Driver/Src/stm32f1xx_hal_rcc.c.obj
 .debug_frame   0x00001398       0x2c C:/Software/arm-gnu-toolchain/bin/../lib/gcc/arm-none-eabi/13.3.1/thumb/v7-m/nofp\libg.a(libc_a-memset.o)
 .debug_frame   0x000013c4       0x2c C:/Software/arm-gnu-toolchain/bin/../lib/gcc/arm-none-eabi/13.3.1/thumb/v7-m/nofp\libg.a(libc_a-init.o)
 .debug_frame   0x000013f0       0xb0 C:/Software/arm-gnu-toolchain/bin/../lib/gcc/arm-none-eabi/13.3.1/thumb/v7-m/nofp\libg.a(libc_a-lock.o)
 .debug_frame   0x000014a0       0x5c C:/Software/arm-gnu-toolchain/bin/../lib/gcc/arm-none-eabi/13.3.1/thumb/v7-m/nofp\libg.a(libc_a-__call_atexit.o)
 .debug_frame   0x000014fc       0x20 C:/Software/arm-gnu-toolchain/bin/../lib/gcc/arm-none-eabi/13.3.1/thumb/v7-m/nofp\libg.a(libc_a-atexit.o)
 .debug_frame   0x0000151c       0x34 C:/Software/arm-gnu-toolchain/bin/../lib/gcc/arm-none-eabi/13.3.1/thumb/v7-m/nofp\libg.a(libc_a-fini.o)
 .debug_frame   0x00001550       0x34 C:/Software/arm-gnu-toolchain/bin/../lib/gcc/arm-none-eabi/13.3.1/thumb/v7-m/nofp\libg.a(libc_a-__atexit.o)

.debug_line_str
                0x00000000       0x83
 .debug_line_str
                0x00000000       0x83 CMakeFiles/Driver_Library.elf.dir/Core/Startup/startup_stm32f103c8tx.s.obj
